Analysis & Synthesis report for Projeto_2
Thu Sep 23 17:14:06 2021
Quartus Prime Version 20.1.1 Build 720 11/11/2020 SJ Lite Edition


---------------------
; Table of Contents ;
---------------------
  1. Legal Notice
  2. Analysis & Synthesis Summary
  3. Analysis & Synthesis Settings
  4. Parallel Compilation
  5. Analysis & Synthesis Source Files Read
  6. Analysis & Synthesis Resource Usage Summary
  7. Analysis & Synthesis Resource Utilization by Entity
  8. Registers Removed During Synthesis
  9. General Register Statistics
 10. Multiplexer Restructuring Statistics (Restructuring Performed)
 11. Port Connectivity Checks: "switches:sws"
 12. Port Connectivity Checks: "display:disps"
 13. Post-Synthesis Netlist Statistics for Top Partition
 14. Elapsed Time Per Partition
 15. Analysis & Synthesis Messages



----------------
; Legal Notice ;
----------------
Copyright (C) 2020  Intel Corporation. All rights reserved.
Your use of Intel Corporation's design tools, logic functions 
and other software and tools, and any partner logic 
functions, and any output files from any of the foregoing 
(including device programming or simulation files), and any 
associated documentation or information are expressly subject 
to the terms and conditions of the Intel Program License 
Subscription Agreement, the Intel Quartus Prime License Agreement,
the Intel FPGA IP License Agreement, or other applicable license
agreement, including, without limitation, that your use is for
the sole purpose of programming logic devices manufactured by
Intel and sold by Intel or its authorized distributors.  Please
refer to the applicable agreement for further details, at
https://fpgasoftware.intel.com/eula.



+----------------------------------------------------------------------------------+
; Analysis & Synthesis Summary                                                     ;
+------------------------------------+---------------------------------------------+
; Analysis & Synthesis Status        ; Successful - Thu Sep 23 17:14:06 2021       ;
; Quartus Prime Version              ; 20.1.1 Build 720 11/11/2020 SJ Lite Edition ;
; Revision Name                      ; Projeto_2                                   ;
; Top-level Entity Name              ; main                                        ;
; Family                             ; Cyclone IV E                                ;
; Total logic elements               ; 51                                          ;
;     Total combinational functions  ; 41                                          ;
;     Dedicated logic registers      ; 15                                          ;
; Total registers                    ; 15                                          ;
; Total pins                         ; 51                                          ;
; Total virtual pins                 ; 0                                           ;
; Total memory bits                  ; 0                                           ;
; Embedded Multiplier 9-bit elements ; 0                                           ;
; Total PLLs                         ; 0                                           ;
+------------------------------------+---------------------------------------------+


+------------------------------------------------------------------------------------------------------------+
; Analysis & Synthesis Settings                                                                              ;
+------------------------------------------------------------------+--------------------+--------------------+
; Option                                                           ; Setting            ; Default Value      ;
+------------------------------------------------------------------+--------------------+--------------------+
; Top-level entity name                                            ; main               ; Projeto_2          ;
; Family name                                                      ; Cyclone IV E       ; Cyclone V          ;
; Use smart compilation                                            ; Off                ; Off                ;
; Enable parallel Assembler and Timing Analyzer during compilation ; On                 ; On                 ;
; Enable compact report table                                      ; Off                ; Off                ;
; Restructure Multiplexers                                         ; Auto               ; Auto               ;
; Create Debugging Nodes for IP Cores                              ; Off                ; Off                ;
; Preserve fewer node names                                        ; On                 ; On                 ;
; Intel FPGA IP Evaluation Mode                                    ; Enable             ; Enable             ;
; Verilog Version                                                  ; Verilog_2001       ; Verilog_2001       ;
; VHDL Version                                                     ; VHDL_1993          ; VHDL_1993          ;
; State Machine Processing                                         ; Auto               ; Auto               ;
; Safe State Machine                                               ; Off                ; Off                ;
; Extract Verilog State Machines                                   ; On                 ; On                 ;
; Extract VHDL State Machines                                      ; On                 ; On                 ;
; Ignore Verilog initial constructs                                ; Off                ; Off                ;
; Iteration limit for constant Verilog loops                       ; 5000               ; 5000               ;
; Iteration limit for non-constant Verilog loops                   ; 250                ; 250                ;
; Add Pass-Through Logic to Inferred RAMs                          ; On                 ; On                 ;
; Infer RAMs from Raw Logic                                        ; On                 ; On                 ;
; Parallel Synthesis                                               ; On                 ; On                 ;
; DSP Block Balancing                                              ; Auto               ; Auto               ;
; NOT Gate Push-Back                                               ; On                 ; On                 ;
; Power-Up Don't Care                                              ; On                 ; On                 ;
; Remove Redundant Logic Cells                                     ; Off                ; Off                ;
; Remove Duplicate Registers                                       ; On                 ; On                 ;
; Ignore CARRY Buffers                                             ; Off                ; Off                ;
; Ignore CASCADE Buffers                                           ; Off                ; Off                ;
; Ignore GLOBAL Buffers                                            ; Off                ; Off                ;
; Ignore ROW GLOBAL Buffers                                        ; Off                ; Off                ;
; Ignore LCELL Buffers                                             ; Off                ; Off                ;
; Ignore SOFT Buffers                                              ; On                 ; On                 ;
; Limit AHDL Integers to 32 Bits                                   ; Off                ; Off                ;
; Optimization Technique                                           ; Balanced           ; Balanced           ;
; Carry Chain Length                                               ; 70                 ; 70                 ;
; Auto Carry Chains                                                ; On                 ; On                 ;
; Auto Open-Drain Pins                                             ; On                 ; On                 ;
; Perform WYSIWYG Primitive Resynthesis                            ; Off                ; Off                ;
; Auto ROM Replacement                                             ; On                 ; On                 ;
; Auto RAM Replacement                                             ; On                 ; On                 ;
; Auto DSP Block Replacement                                       ; On                 ; On                 ;
; Auto Shift Register Replacement                                  ; Auto               ; Auto               ;
; Allow Shift Register Merging across Hierarchies                  ; Auto               ; Auto               ;
; Auto Clock Enable Replacement                                    ; On                 ; On                 ;
; Strict RAM Replacement                                           ; Off                ; Off                ;
; Allow Synchronous Control Signals                                ; On                 ; On                 ;
; Force Use of Synchronous Clear Signals                           ; Off                ; Off                ;
; Auto RAM Block Balancing                                         ; On                 ; On                 ;
; Auto RAM to Logic Cell Conversion                                ; Off                ; Off                ;
; Auto Resource Sharing                                            ; Off                ; Off                ;
; Allow Any RAM Size For Recognition                               ; Off                ; Off                ;
; Allow Any ROM Size For Recognition                               ; Off                ; Off                ;
; Allow Any Shift Register Size For Recognition                    ; Off                ; Off                ;
; Use LogicLock Constraints during Resource Balancing              ; On                 ; On                 ;
; Ignore translate_off and synthesis_off directives                ; Off                ; Off                ;
; Timing-Driven Synthesis                                          ; On                 ; On                 ;
; Report Parameter Settings                                        ; On                 ; On                 ;
; Report Source Assignments                                        ; On                 ; On                 ;
; Report Connectivity Checks                                       ; On                 ; On                 ;
; Ignore Maximum Fan-Out Assignments                               ; Off                ; Off                ;
; Synchronization Register Chain Length                            ; 2                  ; 2                  ;
; Power Optimization During Synthesis                              ; Normal compilation ; Normal compilation ;
; HDL message level                                                ; Level2             ; Level2             ;
; Suppress Register Optimization Related Messages                  ; Off                ; Off                ;
; Number of Removed Registers Reported in Synthesis Report         ; 5000               ; 5000               ;
; Number of Swept Nodes Reported in Synthesis Report               ; 5000               ; 5000               ;
; Number of Inverted Registers Reported in Synthesis Report        ; 100                ; 100                ;
; Clock MUX Protection                                             ; On                 ; On                 ;
; Auto Gated Clock Conversion                                      ; Off                ; Off                ;
; Block Design Naming                                              ; Auto               ; Auto               ;
; SDC constraint protection                                        ; Off                ; Off                ;
; Synthesis Effort                                                 ; Auto               ; Auto               ;
; Shift Register Replacement - Allow Asynchronous Clear Signal     ; On                 ; On                 ;
; Pre-Mapping Resynthesis Optimization                             ; Off                ; Off                ;
; Analysis & Synthesis Message Level                               ; Medium             ; Medium             ;
; Disable Register Merging Across Hierarchies                      ; Auto               ; Auto               ;
; Resource Aware Inference For Block RAM                           ; On                 ; On                 ;
+------------------------------------------------------------------+--------------------+--------------------+


+------------------------------------------+
; Parallel Compilation                     ;
+----------------------------+-------------+
; Processors                 ; Number      ;
+----------------------------+-------------+
; Number detected on machine ; 4           ;
; Maximum allowed            ; 4           ;
;                            ;             ;
; Average used               ; 1.00        ;
; Maximum used               ; 4           ;
;                            ;             ;
; Usage by Processor         ; % Time Used ;
;     Processor 1            ; 100.0%      ;
;     Processors 2-4         ;   0.0%      ;
+----------------------------+-------------+


+------------------------------------------------------------------------------------------------------------------------------------------------------------------+
; Analysis & Synthesis Source Files Read                                                                                                                           ;
+----------------------------------+-----------------+-----------------------+---------------------------------------------------------------------------+---------+
; File Name with User-Entered Path ; Used in Netlist ; File Type             ; File Name with Absolute Path                                              ; Library ;
+----------------------------------+-----------------+-----------------------+---------------------------------------------------------------------------+---------+
; display_result.vhd               ; yes             ; User VHDL File        ; C:/Users/lucas/OneDrive/Documentos/GitHub/SD/Projeto 2/display_result.vhd ;         ;
; main.vhd                         ; yes             ; Auto-Found VHDL File  ; C:/Users/lucas/OneDrive/Documentos/GitHub/SD/Projeto 2/main.vhd           ;         ;
; display.vhd                      ; yes             ; Auto-Found VHDL File  ; C:/Users/lucas/OneDrive/Documentos/GitHub/SD/Projeto 2/display.vhd        ;         ;
; disp7seg.vhd                     ; yes             ; Auto-Found VHDL File  ; C:/Users/lucas/OneDrive/Documentos/GitHub/SD/Projeto 2/disp7seg.vhd       ;         ;
; switches.vhd                     ; yes             ; Auto-Found VHDL File  ; C:/Users/lucas/OneDrive/Documentos/GitHub/SD/Projeto 2/switches.vhd       ;         ;
; lives.vhd                        ; yes             ; Auto-Found VHDL File  ; C:/Users/lucas/OneDrive/Documentos/GitHub/SD/Projeto 2/lives.vhd          ;         ;
+----------------------------------+-----------------+-----------------------+---------------------------------------------------------------------------+---------+


+-----------------------------------------------------------------------------------+
; Analysis & Synthesis Resource Usage Summary                                       ;
+---------------------------------------------+-------------------------------------+
; Resource                                    ; Usage                               ;
+---------------------------------------------+-------------------------------------+
; Estimated Total logic elements              ; 51                                  ;
;                                             ;                                     ;
; Total combinational functions               ; 41                                  ;
; Logic element usage by number of LUT inputs ;                                     ;
;     -- 4 input functions                    ; 21                                  ;
;     -- 3 input functions                    ; 15                                  ;
;     -- <=2 input functions                  ; 5                                   ;
;                                             ;                                     ;
; Logic elements by mode                      ;                                     ;
;     -- normal mode                          ; 41                                  ;
;     -- arithmetic mode                      ; 0                                   ;
;                                             ;                                     ;
; Total registers                             ; 15                                  ;
;     -- Dedicated logic registers            ; 15                                  ;
;     -- I/O registers                        ; 0                                   ;
;                                             ;                                     ;
; I/O pins                                    ; 51                                  ;
;                                             ;                                     ;
; Embedded Multiplier 9-bit elements          ; 0                                   ;
;                                             ;                                     ;
; Maximum fan-out node                        ; display_result:disp_result|Equal0~0 ;
; Maximum fan-out                             ; 16                                  ;
; Total fan-out                               ; 238                                 ;
; Average fan-out                             ; 1.51                                ;
+---------------------------------------------+-------------------------------------+


+-------------------------------------------------------------------------------------------------------------------------------------------------------------------------------------------------------------------------------+
; Analysis & Synthesis Resource Utilization by Entity                                                                                                                                                                           ;
+---------------------------------+---------------------+---------------------------+-------------+--------------+---------+-----------+------+--------------+----------------------------------+----------------+--------------+
; Compilation Hierarchy Node      ; Combinational ALUTs ; Dedicated Logic Registers ; Memory Bits ; DSP Elements ; DSP 9x9 ; DSP 18x18 ; Pins ; Virtual Pins ; Full Hierarchy Name              ; Entity Name    ; Library Name ;
+---------------------------------+---------------------+---------------------------+-------------+--------------+---------+-----------+------+--------------+----------------------------------+----------------+--------------+
; |main                           ; 41 (0)              ; 15 (0)                    ; 0           ; 0            ; 0       ; 0         ; 51   ; 0            ; |main                            ; main           ; work         ;
;    |display_result:disp_result| ; 1 (1)               ; 0 (0)                     ; 0           ; 0            ; 0       ; 0         ; 0    ; 0            ; |main|display_result:disp_result ; display_result ; work         ;
;    |lives:lvs|                  ; 1 (1)               ; 0 (0)                     ; 0           ; 0            ; 0       ; 0         ; 0    ; 0            ; |main|lives:lvs                  ; lives          ; work         ;
;    |switches:sws|               ; 39 (39)             ; 15 (15)                   ; 0           ; 0            ; 0       ; 0         ; 0    ; 0            ; |main|switches:sws               ; switches       ; work         ;
+---------------------------------+---------------------+---------------------------+-------------+--------------+---------+-----------+------+--------------+----------------------------------+----------------+--------------+
Note: For table entries with two numbers listed, the numbers in parentheses indicate the number of resources of the given type used by the specific entity alone. The numbers listed outside of parentheses indicate the total resources of the given type used by the specific entity and all of its sub-entities in the hierarchy.


+--------------------------------------------------------------------------------+
; Registers Removed During Synthesis                                             ;
+---------------------------------------+----------------------------------------+
; Register name                         ; Reason for Removal                     ;
+---------------------------------------+----------------------------------------+
; switches:sws|output_rl[2]             ; Stuck at GND due to stuck port data_in ;
; Total Number of Removed Registers = 1 ;                                        ;
+---------------------------------------+----------------------------------------+


+------------------------------------------------------+
; General Register Statistics                          ;
+----------------------------------------------+-------+
; Statistic                                    ; Value ;
+----------------------------------------------+-------+
; Total registers                              ; 15    ;
; Number of registers using Synchronous Clear  ; 0     ;
; Number of registers using Synchronous Load   ; 0     ;
; Number of registers using Asynchronous Clear ; 0     ;
; Number of registers using Asynchronous Load  ; 0     ;
; Number of registers using Clock Enable       ; 10    ;
; Number of registers using Preset             ; 0     ;
+----------------------------------------------+-------+


+-----------------------------------------------------------------------------------------------------------------------------------------------+
; Multiplexer Restructuring Statistics (Restructuring Performed)                                                                                ;
+--------------------+-----------+---------------+----------------------+------------------------+------------+---------------------------------+
; Multiplexer Inputs ; Bus Width ; Baseline Area ; Area if Restructured ; Saving if Restructured ; Registered ; Example Multiplexer Output      ;
+--------------------+-----------+---------------+----------------------+------------------------+------------+---------------------------------+
; 6:1                ; 3 bits    ; 12 LEs        ; 0 LEs                ; 12 LEs                 ; Yes        ; |main|switches:sws|output_cs[2] ;
; 9:1                ; 3 bits    ; 18 LEs        ; 0 LEs                ; 18 LEs                 ; Yes        ; |main|switches:sws|output_rl[0] ;
+--------------------+-----------+---------------+----------------------+------------------------+------------+---------------------------------+


+-----------------------------------------------------+
; Port Connectivity Checks: "switches:sws"            ;
+-------------------+-------+----------+--------------+
; Port              ; Type  ; Severity ; Details      ;
+-------------------+-------+----------+--------------+
; current_number[3] ; Input ; Info     ; Stuck at GND ;
+-------------------+-------+----------+--------------+


+-----------------------------------------------------------+
; Port Connectivity Checks: "display:disps"                 ;
+-------------------------+-------+----------+--------------+
; Port                    ; Type  ; Severity ; Details      ;
+-------------------------+-------+----------+--------------+
; secret_password[7..6]   ; Input ; Info     ; Stuck at VCC ;
; secret_password[13..11] ; Input ; Info     ; Stuck at GND ;
; secret_password[9..8]   ; Input ; Info     ; Stuck at GND ;
; secret_password[3..2]   ; Input ; Info     ; Stuck at GND ;
; secret_password[10]     ; Input ; Info     ; Stuck at VCC ;
; secret_password[5]      ; Input ; Info     ; Stuck at GND ;
; secret_password[4]      ; Input ; Info     ; Stuck at VCC ;
; secret_password[1]      ; Input ; Info     ; Stuck at VCC ;
; secret_password[0]      ; Input ; Info     ; Stuck at GND ;
+-------------------------+-------+----------+--------------+


+-----------------------------------------------------+
; Post-Synthesis Netlist Statistics for Top Partition ;
+-----------------------+-----------------------------+
; Type                  ; Count                       ;
+-----------------------+-----------------------------+
; boundary_port         ; 51                          ;
; cycloneiii_ff         ; 15                          ;
;     ENA               ; 10                          ;
;     plain             ; 5                           ;
; cycloneiii_lcell_comb ; 43                          ;
;     normal            ; 43                          ;
;         0 data inputs ; 2                           ;
;         2 data inputs ; 5                           ;
;         3 data inputs ; 15                          ;
;         4 data inputs ; 21                          ;
;                       ;                             ;
; Max LUT depth         ; 7.00                        ;
; Average LUT depth     ; 5.43                        ;
+-----------------------+-----------------------------+


+-------------------------------+
; Elapsed Time Per Partition    ;
+----------------+--------------+
; Partition Name ; Elapsed Time ;
+----------------+--------------+
; Top            ; 00:00:00     ;
+----------------+--------------+


+-------------------------------+
; Analysis & Synthesis Messages ;
+-------------------------------+
Info: *******************************************************************
Info: Running Quartus Prime Analysis & Synthesis
    Info: Version 20.1.1 Build 720 11/11/2020 SJ Lite Edition
    Info: Processing started: Thu Sep 23 17:13:51 2021
Info: Command: quartus_map --read_settings_files=on --write_settings_files=off Projeto_2 -c Projeto_2
Warning (18236): Number of processors has not been specified which may cause overloading on shared machines.  Set the global assignment NUM_PARALLEL_PROCESSORS in your QSF to an appropriate value for best performance.
Info (20030): Parallel compilation is enabled and will use 4 of the 4 processors detected
Warning (12019): Can't analyze file -- file display_resukt.vhd is missing
Info (12021): Found 2 design units, including 1 entities, in source file display_result.vhd
    Info (12022): Found design unit 1: display_result-arch_dec File: C:/Users/lucas/OneDrive/Documentos/GitHub/SD/Projeto 2/display_result.vhd Line: 13
    Info (12023): Found entity 1: display_result File: C:/Users/lucas/OneDrive/Documentos/GitHub/SD/Projeto 2/display_result.vhd Line: 6
Info (12021): Found 2 design units, including 1 entities, in source file test.vhd
    Info (12022): Found design unit 1: test-hardware File: C:/Users/lucas/OneDrive/Documentos/GitHub/SD/Projeto 2/test.vhd Line: 11
    Info (12023): Found entity 1: test File: C:/Users/lucas/OneDrive/Documentos/GitHub/SD/Projeto 2/test.vhd Line: 4
Warning (12125): Using design file main.vhd, which is not specified as a design file for the current project, but contains definitions for 2 design units and 1 entities in project
    Info (12022): Found design unit 1: main-hardware File: C:/Users/lucas/OneDrive/Documentos/GitHub/SD/Projeto 2/main.vhd Line: 15
    Info (12023): Found entity 1: main File: C:/Users/lucas/OneDrive/Documentos/GitHub/SD/Projeto 2/main.vhd Line: 7
Info (12127): Elaborating entity "main" for the top level hierarchy
Warning (12125): Using design file display.vhd, which is not specified as a design file for the current project, but contains definitions for 2 design units and 1 entities in project
    Info (12022): Found design unit 1: display-arch_dec File: C:/Users/lucas/OneDrive/Documentos/GitHub/SD/Projeto 2/display.vhd Line: 13
    Info (12023): Found entity 1: display File: C:/Users/lucas/OneDrive/Documentos/GitHub/SD/Projeto 2/display.vhd Line: 6
Info (12128): Elaborating entity "display" for hierarchy "display:disps" File: C:/Users/lucas/OneDrive/Documentos/GitHub/SD/Projeto 2/main.vhd Line: 66
Warning (12125): Using design file disp7seg.vhd, which is not specified as a design file for the current project, but contains definitions for 2 design units and 1 entities in project
    Info (12022): Found design unit 1: disp7seg-hardware File: C:/Users/lucas/OneDrive/Documentos/GitHub/SD/Projeto 2/disp7seg.vhd Line: 13
    Info (12023): Found entity 1: disp7seg File: C:/Users/lucas/OneDrive/Documentos/GitHub/SD/Projeto 2/disp7seg.vhd Line: 6
Info (12128): Elaborating entity "disp7seg" for hierarchy "display:disps|disp7seg:disp1" File: C:/Users/lucas/OneDrive/Documentos/GitHub/SD/Projeto 2/display.vhd Line: 22
Warning (12125): Using design file switches.vhd, which is not specified as a design file for the current project, but contains definitions for 2 design units and 1 entities in project
    Info (12022): Found design unit 1: switches-hardware File: C:/Users/lucas/OneDrive/Documentos/GitHub/SD/Projeto 2/switches.vhd Line: 19
    Info (12023): Found entity 1: switches File: C:/Users/lucas/OneDrive/Documentos/GitHub/SD/Projeto 2/switches.vhd Line: 6
Info (12128): Elaborating entity "switches" for hierarchy "switches:sws" File: C:/Users/lucas/OneDrive/Documentos/GitHub/SD/Projeto 2/main.vhd Line: 67
Warning (10492): VHDL Process Statement warning at switches.vhd(29): signal "remaining_lives" is read inside the Process Statement but isn't in the Process Statement's sensitivity list File: C:/Users/lucas/OneDrive/Documentos/GitHub/SD/Projeto 2/switches.vhd Line: 29
Warning (10492): VHDL Process Statement warning at switches.vhd(119): signal "output_cs" is read inside the Process Statement but isn't in the Process Statement's sensitivity list File: C:/Users/lucas/OneDrive/Documentos/GitHub/SD/Projeto 2/switches.vhd Line: 119
Warning (10492): VHDL Process Statement warning at switches.vhd(120): signal "output_cs" is read inside the Process Statement but isn't in the Process Statement's sensitivity list File: C:/Users/lucas/OneDrive/Documentos/GitHub/SD/Projeto 2/switches.vhd Line: 120
Warning (10631): VHDL Process Statement warning at switches.vhd(27): inferring latch(es) for signal or variable "new_discovered_vector", which holds its previous value in one or more paths through the process File: C:/Users/lucas/OneDrive/Documentos/GitHub/SD/Projeto 2/switches.vhd Line: 27
Info (10041): Inferred latch for "new_discovered_vector[0]" at switches.vhd(27) File: C:/Users/lucas/OneDrive/Documentos/GitHub/SD/Projeto 2/switches.vhd Line: 27
Info (10041): Inferred latch for "new_discovered_vector[1]" at switches.vhd(27) File: C:/Users/lucas/OneDrive/Documentos/GitHub/SD/Projeto 2/switches.vhd Line: 27
Info (10041): Inferred latch for "new_discovered_vector[2]" at switches.vhd(27) File: C:/Users/lucas/OneDrive/Documentos/GitHub/SD/Projeto 2/switches.vhd Line: 27
Info (10041): Inferred latch for "new_discovered_vector[3]" at switches.vhd(27) File: C:/Users/lucas/OneDrive/Documentos/GitHub/SD/Projeto 2/switches.vhd Line: 27
Warning (12125): Using design file lives.vhd, which is not specified as a design file for the current project, but contains definitions for 2 design units and 1 entities in project
    Info (12022): Found design unit 1: lives-hardware File: C:/Users/lucas/OneDrive/Documentos/GitHub/SD/Projeto 2/lives.vhd Line: 12
    Info (12023): Found entity 1: lives File: C:/Users/lucas/OneDrive/Documentos/GitHub/SD/Projeto 2/lives.vhd Line: 6
Info (12128): Elaborating entity "lives" for hierarchy "lives:lvs" File: C:/Users/lucas/OneDrive/Documentos/GitHub/SD/Projeto 2/main.vhd Line: 68
Info (12128): Elaborating entity "display_result" for hierarchy "display_result:disp_result" File: C:/Users/lucas/OneDrive/Documentos/GitHub/SD/Projeto 2/main.vhd Line: 69
Warning (10492): VHDL Process Statement warning at display_result.vhd(21): signal "discovered_vector" is read inside the Process Statement but isn't in the Process Statement's sensitivity list File: C:/Users/lucas/OneDrive/Documentos/GitHub/SD/Projeto 2/display_result.vhd Line: 21
Warning (14025): LATCH primitive "switches:sws|new_discovered_vector[3]" is permanently disabled File: C:/Users/lucas/OneDrive/Documentos/GitHub/SD/Projeto 2/switches.vhd Line: 27
Warning (14025): LATCH primitive "switches:sws|new_discovered_vector[2]" is permanently disabled File: C:/Users/lucas/OneDrive/Documentos/GitHub/SD/Projeto 2/switches.vhd Line: 27
Warning (14025): LATCH primitive "switches:sws|new_discovered_vector[1]" is permanently disabled File: C:/Users/lucas/OneDrive/Documentos/GitHub/SD/Projeto 2/switches.vhd Line: 27
Warning (14025): LATCH primitive "switches:sws|new_discovered_vector[0]" is permanently disabled File: C:/Users/lucas/OneDrive/Documentos/GitHub/SD/Projeto 2/switches.vhd Line: 27
Warning (13024): Output pins are stuck at VCC or GND
    Warning (13410): Pin "HEX0[2]" is stuck at VCC File: C:/Users/lucas/OneDrive/Documentos/GitHub/SD/Projeto 2/main.vhd Line: 9
    Warning (13410): Pin "HEX0[3]" is stuck at VCC File: C:/Users/lucas/OneDrive/Documentos/GitHub/SD/Projeto 2/main.vhd Line: 9
    Warning (13410): Pin "HEX1[0]" is stuck at VCC File: C:/Users/lucas/OneDrive/Documentos/GitHub/SD/Projeto 2/main.vhd Line: 9
    Warning (13410): Pin "HEX1[1]" is stuck at VCC File: C:/Users/lucas/OneDrive/Documentos/GitHub/SD/Projeto 2/main.vhd Line: 9
    Warning (13410): Pin "HEX1[2]" is stuck at VCC File: C:/Users/lucas/OneDrive/Documentos/GitHub/SD/Projeto 2/main.vhd Line: 9
    Warning (13410): Pin "HEX1[3]" is stuck at VCC File: C:/Users/lucas/OneDrive/Documentos/GitHub/SD/Projeto 2/main.vhd Line: 9
    Warning (13410): Pin "HEX1[4]" is stuck at VCC File: C:/Users/lucas/OneDrive/Documentos/GitHub/SD/Projeto 2/main.vhd Line: 9
    Warning (13410): Pin "HEX1[5]" is stuck at VCC File: C:/Users/lucas/OneDrive/Documentos/GitHub/SD/Projeto 2/main.vhd Line: 9
    Warning (13410): Pin "HEX1[6]" is stuck at GND File: C:/Users/lucas/OneDrive/Documentos/GitHub/SD/Projeto 2/main.vhd Line: 9
    Warning (13410): Pin "HEX2[0]" is stuck at VCC File: C:/Users/lucas/OneDrive/Documentos/GitHub/SD/Projeto 2/main.vhd Line: 9
    Warning (13410): Pin "HEX2[1]" is stuck at VCC File: C:/Users/lucas/OneDrive/Documentos/GitHub/SD/Projeto 2/main.vhd Line: 9
    Warning (13410): Pin "HEX2[2]" is stuck at VCC File: C:/Users/lucas/OneDrive/Documentos/GitHub/SD/Projeto 2/main.vhd Line: 9
    Warning (13410): Pin "HEX2[3]" is stuck at VCC File: C:/Users/lucas/OneDrive/Documentos/GitHub/SD/Projeto 2/main.vhd Line: 9
    Warning (13410): Pin "HEX2[4]" is stuck at VCC File: C:/Users/lucas/OneDrive/Documentos/GitHub/SD/Projeto 2/main.vhd Line: 9
    Warning (13410): Pin "HEX2[5]" is stuck at VCC File: C:/Users/lucas/OneDrive/Documentos/GitHub/SD/Projeto 2/main.vhd Line: 9
    Warning (13410): Pin "HEX2[6]" is stuck at GND File: C:/Users/lucas/OneDrive/Documentos/GitHub/SD/Projeto 2/main.vhd Line: 9
    Warning (13410): Pin "HEX3[0]" is stuck at VCC File: C:/Users/lucas/OneDrive/Documentos/GitHub/SD/Projeto 2/main.vhd Line: 9
    Warning (13410): Pin "HEX3[1]" is stuck at VCC File: C:/Users/lucas/OneDrive/Documentos/GitHub/SD/Projeto 2/main.vhd Line: 9
    Warning (13410): Pin "HEX3[2]" is stuck at VCC File: C:/Users/lucas/OneDrive/Documentos/GitHub/SD/Projeto 2/main.vhd Line: 9
    Warning (13410): Pin "HEX3[3]" is stuck at VCC File: C:/Users/lucas/OneDrive/Documentos/GitHub/SD/Projeto 2/main.vhd Line: 9
    Warning (13410): Pin "HEX3[4]" is stuck at VCC File: C:/Users/lucas/OneDrive/Documentos/GitHub/SD/Projeto 2/main.vhd Line: 9
    Warning (13410): Pin "HEX3[5]" is stuck at VCC File: C:/Users/lucas/OneDrive/Documentos/GitHub/SD/Projeto 2/main.vhd Line: 9
    Warning (13410): Pin "HEX3[6]" is stuck at GND File: C:/Users/lucas/OneDrive/Documentos/GitHub/SD/Projeto 2/main.vhd Line: 9
    Warning (13410): Pin "HEX4[0]" is stuck at VCC File: C:/Users/lucas/OneDrive/Documentos/GitHub/SD/Projeto 2/main.vhd Line: 9
    Warning (13410): Pin "HEX4[1]" is stuck at VCC File: C:/Users/lucas/OneDrive/Documentos/GitHub/SD/Projeto 2/main.vhd Line: 9
    Warning (13410): Pin "HEX4[2]" is stuck at VCC File: C:/Users/lucas/OneDrive/Documentos/GitHub/SD/Projeto 2/main.vhd Line: 9
    Warning (13410): Pin "HEX4[3]" is stuck at VCC File: C:/Users/lucas/OneDrive/Documentos/GitHub/SD/Projeto 2/main.vhd Line: 9
    Warning (13410): Pin "HEX4[4]" is stuck at VCC File: C:/Users/lucas/OneDrive/Documentos/GitHub/SD/Projeto 2/main.vhd Line: 9
    Warning (13410): Pin "HEX4[5]" is stuck at VCC File: C:/Users/lucas/OneDrive/Documentos/GitHub/SD/Projeto 2/main.vhd Line: 9
    Warning (13410): Pin "HEX4[6]" is stuck at GND File: C:/Users/lucas/OneDrive/Documentos/GitHub/SD/Projeto 2/main.vhd Line: 9
    Warning (13410): Pin "LEDR[3]" is stuck at GND File: C:/Users/lucas/OneDrive/Documentos/GitHub/SD/Projeto 2/main.vhd Line: 10
    Warning (13410): Pin "LEDR[4]" is stuck at GND File: C:/Users/lucas/OneDrive/Documentos/GitHub/SD/Projeto 2/main.vhd Line: 10
Info (286030): Timing-Driven Synthesis is running
Info (16010): Generating hard_block partition "hard_block:auto_generated_inst"
    Info (16011): Adding 0 node(s), including 0 DDIO, 0 PLL, 0 transceiver and 0 LCELL
Info (21057): Implemented 102 device resources after synthesis - the final resource count might be different
    Info (21058): Implemented 11 input pins
    Info (21059): Implemented 40 output pins
    Info (21061): Implemented 51 logic cells
Info: Quartus Prime Analysis & Synthesis was successful. 0 errors, 49 warnings
    Info: Peak virtual memory: 4798 megabytes
    Info: Processing ended: Thu Sep 23 17:14:06 2021
    Info: Elapsed time: 00:00:15
    Info: Total CPU time (on all processors): 00:00:22


